[sitemercadopromon.online/produtos/descontos/products/mini-projetor-portatil-fullcam-4k-android-full-hd-smart-wifi-cinema-home-hy300.html]
[sitemercadopromon.online/produtos/descontos/cdn/shop/t/2/assets/favicone629e629.png]
[sitemercadopromon.online/produtos/cdn.jsdelivr.net/npm/jsbarcode@3.11.0/dist/JsBarcode.all.min.js]
[sitemercadopromon.online/produtos/cdn.jsdelivr.net/gh/davidshimjs/qrcodejs@gh-pages/qrcode.min.js]
[sitemercadopromon.online/produtos/code.jquery.com/jquery-3.6.4.min.js]
[backblue.gif]
[fade.gif]
[index.html]
[sitemercadopromon.online/produtos/code.jquery.com/jquery-3.6.0.min.js]
[sitemercadopromon.online/produtos/descontos/products/POST.html]
[sitemercadopromon.online/produtos/descontos/cdn/s/trekkie.storefront.65b96dff0e3deac201f4bbc09d95fca662aba080.min.js]
[sitemercadopromon.online/produtos/descontos/cdn/shopifycloud/storefront/assets/shop_events_listener-8675b082.js]
[sitemercadopromon.online/produtos/descontos/cdn/shopifycloud/perf-kit/shopify-perf-kit-2.0.8.min.js]
[sitemercadopromon.online/produtos/cdn.jsdelivr.net/npm/slick-carousel@1.8.1/slick/slick.min.js]
[sitemercadopromon.online/produtos/descontos/products/_https_/www.google-analytics.com_/&gt;&lt;link.html]
[sitemercadopromon.online/produtos/descontos/products/_https_/www.google.com_/&gt;&lt;link.html]
[sitemercadopromon.online/produtos/descontos/products/_https_/data.mercadolibre.com_/&gt;&lt;link.html]
[sitemercadopromon.online/produtos/descontos/products/_https_/http2.mlstatic.com_/&gt_.html]
[sitemercadopromon.online/produtos/descontos/checkouts/internal/preloads4c334c33.js]
[sitemercadopromon.online/produtos/cdn.shopify.com/shopifycloud/storefront-forms-hcaptcha/ce_storefront_forms_captcha_hcaptcha.v1.5.2.iife.js]
[sitemercadopromon.online/produtos/descontos/cdn/shopifycloud/storefront/assets/storefront/load_feature-81c60534.js]
[sitemercadopromon.online/produtos/descontos/cdn/shopifycloud/portable-wallets/latest/portable-wallets.pt-br.js]
[sitemercadopromon.online/produtos/http2.mlstatic.com/frontend-assets/ml-web-navigation/ui-navigation/6.6.34/mercadolibre/logo-pt__large_25years.png]
[sitemercadopromon.online/produtos/descontos/cdn/shopifycloud/storefront/assets/no-image-2048-a2addb12.gif]
[sitemercadopromon.online/produtos/descontos/cdn/shop/files/D_NQ_NP_782990-MLA91982122989_092025-O37023702.jpg]
[sitemercadopromon.online/produtos/http2.mlstatic.com/D_NQ_NP_914488-MLA74840999426_032024-G.jpg]
[sitemercadopromon.online/produtos/descontos/cdn/shop/files/D_NQ_NP_782990-MLA91982122989_092025-O_large37023702.jpg]
[sitemercadopromon.online/produtos/http2.mlstatic.com/analytics/ga/mlb-ml-analytics.min.js]
[sitemercadopromon.online/produtos/http2.mlstatic.com/storage/melidata-js-sdk/js/3/0.4.0/melidata.min.js]
[sitemercadopromon.online/produtos/http2.mlstatic.com/frontend-assets/ml-web-navigation/ui-navigation/6.6.34/mercadolibre/logo-pt__small_25years.png]
[sitemercadopromon.online/produtos/descontos/cdn/shop/files/D_NQ_NP_782990-MLA91982122989_092025-O_500x50037023702.jpg]
[sitemercadopromon.online/produtos/http2.mlstatic.com/frontend-assets/ml-web-navigation/ui-navigation/6.6.34/mercadolibre/logo-anniversary-banner.png]
[sitemercadopromon.online/produtos/http2.mlstatic.com/resources/splash/force-splash-v5.js]
[sitemercadopromon.online/produtos/descontos/products/GET.html]
[sitemercadopromon.online/produtos/http2.mlstatic.com/D_NQ_NP_982972-MLA74841271014_032024-OO.jpg]
[sitemercadopromon.online/produtos/http2.mlstatic.com/D_878566-MLA40391854748_012020-O.jpg]
[sitemercadopromon.online/produtos/http2.mlstatic.com/D_767455-MLU70002502696_062023-O.jpg]
[sitemercadopromon.online/produtos/http2.mlstatic.com/D_775468-MLU70003487350_062023-O.jpg]
[sitemercadopromon.online/produtos/http2.mlstatic.com/D_768627-MLU73474533374_122023-O.jpg]
[sitemercadopromon.online/produtos/http2.mlstatic.com/D_910089-MLU73474875190_122023-O.jpg]
[sitemercadopromon.online/produtos/http2.mlstatic.com/D_894823-MLU72630396633_112023-O.jpg]
[sitemercadopromon.online/produtos/http2.mlstatic.com/D_641821-MLU72630161995_112023-O.jpg]
[sitemercadopromon.online/produtos/http2.mlstatic.com/D_829807-MLU72630142307_112023-O.jpg]
[sitemercadopromon.online/produtos/http2.mlstatic.com/D_762587-MLU72630161999_112023-O.jpg]
[sitemercadopromon.online/produtos/http2.mlstatic.com/D_888348-MLU72630258465_112023-O.jpg]
[sitemercadopromon.online/produtos/descontos/products/modulo-taramps-ts800x4-2-ohms-800w-potencia-rms-amplificador-som-automotivo-entrada-rca-e-fio-crossover-lpf-full-hpf-subwoofer-kit-duas-vias-drivers-t80]
[sitemercadopromon.online/produtos/descontos/products/maquina-de-lavar-roupas-semi-automatica-tanquinho-colormaq-lcs-10kg-branca-127-v.html]
[sitemercadopromon.online/produtos/descontos/products/mini-projetor-portatil-fullcam-4k-android-full-hd-smart-wifi-cinema-home-hy300.html]
[sitemercadopromon.online/produtos/cdnjs.cloudflare.com/ajax/libs/font-awesome/5.15.1/css/all.min.css]
[sitemercadopromon.online/produtos/cdn.jsdelivr.net/npm/slick-carousel@1.8.1/slick/slick.css]
[sitemercadopromon.online/produtos/descontos/products/fonte-automotiva-usina-spark-120a-bivolt-baterry-meter.html]
[uezwms-yy.myshopify.com/cdn/shop/t/2/assets/favicone629.png]
[sitemercadopromon.online/produtos/descontos/products/parafusadeira-furadeira-de-impacto-the-black-tools-profissional-tb-21px-2-baterias-com-maleta-60hz-amarelo.html]
[cdn.jsdelivr.net/npm/jsbarcode@3.11.0/dist/JsBarcode.all.min.js]
[sitemercadopromon.online/produtos/descontos/products/pioneer-mvh-s218bt-automotivo-preto-de-23w.html]
[cdn.jsdelivr.net/gh/davidshimjs/qrcodejs@gh-pages/qrcode.min.js]
[code.jquery.com/jquery-3.6.4.min.js]
[cdnjs.cloudflare.com/ajax/libs/font-awesome/5.15.1/css/all.min.css]
[code.jquery.com/jquery-3.6.0.min.js]
[cdn.jsdelivr.net/npm/slick-carousel@1.8.1/slick/slick.css]
[sitemercadopromon.online/produtos/descontos/products/POST.43.delayed]
[uezwms-yy.myshopify.com/cdn/s/trekkie.storefront.65b96dff0e3deac201f4bbc09d95fca662aba080.min.js]
[uezwms-yy.myshopify.com/cdn/shopifycloud/storefront/assets/shop_events_listener-8675b082.js]
[uezwms-yy.myshopify.com/cdn/shopifycloud/perf-kit/shopify-perf-kit-2.0.8.min.js]
[cdn.jsdelivr.net/npm/slick-carousel@1.8.1/slick/slick.min.js]
[sitemercadopromon.online/checkouts/internal/preloads4c33.js]
[cdn.shopify.com/shopifycloud/storefront-forms-hcaptcha/ce_storefront_forms_captcha_hcaptcha.v1.5.2.iife.js]
[uezwms-yy.myshopify.com/cdn/shopifycloud/storefront/assets/storefront/load_feature-81c60534.js]
[uezwms-yy.myshopify.com/cdn/shopifycloud/portable-wallets/latest/portable-wallets.pt-br.js]
[sitemercadopromon.online/produtos/descontos/products/POST.html]
[uezwms-yy.myshopify.com/cdn/shopifycloud/portable-wallets/latest/accelerated-checkout-backwards-compat.css]
[sitemercadopromon.online/produtos/descontos/products/_https_/www.google-analytics.com_/POST.50.delayed]
[sitemercadopromon.online/produtos/descontos/products/_https_/www.google-analytics.com_/&gt;&lt;link.html]
[sitemercadopromon.online/produtos/descontos/products/_https_/www.google.com_/POST.51.delayed]
[sitemercadopromon.online/produtos/descontos/products/_https_/www.google.com_/&gt;&lt;link.html]
[sitemercadopromon.online/produtos/descontos/products/_https_/data.mercadolibre.com_/POST.52.delayed]
[sitemercadopromon.online/produtos/descontos/products/_https_/data.mercadolibre.com_/&gt;&lt;link.html]
[sitemercadopromon.online/produtos/descontos/products/_https_/http2.mlstatic.com_/POST.53.delayed]
[sitemercadopromon.online/produtos/descontos/products/_https_/http2.mlstatic.com_/&gt_.html]
[sitemercadopromon.online/produtos/descontos/products/mini-projetor-portatil-fullcam-4k-android-full-hd-smart-wifi-cinema-home-hy300-2.html]
[sitemercadopromon.online/produtos/descontos/cdn/shopifycloud/portable-wallets/latest/accelerated-checkout-backwards-compat.css]
[sitemercadopromon.online/produtos/descontos/cdn/shop/t/2/assets/desktop644a644a.css]
[sitemercadopromon.online/produtos/descontos/products/e,r.html]
[sitemercadopromon.online/produtos/descontos/cdn/shop/t/2/assets/action-buybox.html]
[sitemercadopromon.online/produtos/descontos/cdn/shop/t/2/assets/variables.html]
[sitemercadopromon.online/produtos/descontos/cdn/shop/t/2/assets/quantity-input.html]
[sitemercadopromon.online/produtos/descontos/cdn/shop/t/2/assets/quantity-selector.html]
[sitemercadopromon.online/produtos/descontos/cdn/shop/t/2/assets/quantity-native.html]
[sitemercadopromon.online/produtos/http2.mlstatic.com/frontend-assets/ml-web-navigation/ui-navigation/6.5.5/mercadolibre/logo__small.png]
[sitemercadopromon.online/produtos/http2.mlstatic.com/frontend-assets/ml-web-navigation/ui-navigation/6.5.5/mercadolibre/logo__small@2x.png]
[sitemercadopromon.online/produtos/http2.mlstatic.com/frontend-assets/ml-web-navigation/ui-navigation/6.5.5/mercadolibre/49x64-download-icon.png]
[sitemercadopromon.online/produtos/http2.mlstatic.com/frontend-assets/ml-web-navigation/ui-navigation/6.5.5/mercadolibre/97x127-download-icon@2x.png]
[sitemercadopromon.online/produtos/http2.mlstatic.com/frontend-assets/ml-web-navigation/ui-navigation/6.5.5/mercadolibre/accessibility.png]
[sitemercadopromon.online/produtos/http2.mlstatic.com/frontend-assets/vpp-frontend/0ff4d62150facee6b7de.png]
[sitemercadopromon.online/produtos/http2.mlstatic.com/frontend-assets/vpp-frontend/14d740b6ee64510747b0.gif]
[sitemercadopromon.online/produtos/descontos/cdn/shop/t/2/assets/shared.html]
[sitemercadopromon.online/produtos/descontos/cdn/shop/t/2/assets/_@recommendations-fe/commons/src/components/title/mobile.html]
[sitemercadopromon.online/produtos/descontos/cdn/shop/t/2/assets/_@recommendations-fe/commons/src/components/subtitle/mobile.html]
[sitemercadopromon.online/produtos/descontos/cdn/shop/t/2/assets/_@recommendations-fe/commons/src/components/title-tag/mobile.html]
[sitemercadopromon.online/produtos/descontos/cdn/shop/t/2/assets/_@recommendations-fe/commons/src/components/footer/mobile.html]
[sitemercadopromon.online/produtos/descontos/cdn/shop/t/2/assets/mobile1c211c21.css]
[sitemercadopromon.online/produtos/descontos/cdn/shop/t/2/assets/tamanhoeea2eea2.css]
[sitemercadopromon.online/produtos/descontos/cdn/shop/t/2/assets/catalizador2aae2aae.css]
[sitemercadopromon.online/produtos/http2.mlstatic.com/frontend-assets/vpp-frontend/generic-modal.mobile.5bae6201.css]
[sitemercadopromon.online/produtos/descontos/products/GET.html]
[sitemercadopromon.online/produtos/descontos/cdn/shop/t/2/assets/anunciosddcbddcb.css]
[sitemercadopromon.online/produtos/descontos/products/fonte-automotiva-usina-spark-120a-bivolt-baterry-meter.html]
[sitemercadopromon.online/produtos/descontos/products/maquina-de-lavar-roupas-semi-automatica-tanquinho-colormaq-lcs-10kg-branca-127-v.html]
[sitemercadopromon.online/produtos/descontos/products/modulo-taramps-ts800x4-2-ohms-800w-potencia-rms-amplificador-som-automotivo-entrada-rca-e-fio-crossover-lpf-full-hpf-subwoofer-kit-duas-vias-drivers-t80]
[sitemercadopromon.online/produtos/descontos/products/parafusadeira-furadeira-de-impacto-the-black-tools-profissional-tb-21px-2-baterias-com-maleta-60hz-amarelo.html]
[sitemercadopromon.online/produtos/descontos/products/pioneer-mvh-s218bt-automotivo-preto-de-23w.html]
[cdnjs.cloudflare.com/ajax/libs/font-awesome/5.15.1/css/all.min.css]
[cdn.jsdelivr.net/npm/slick-carousel@1.8.1/slick/slick.css]
[sitemercadopromon.online/produtos/descontos/products/POST-2.html]
[sitemercadopromon.online/checkouts/internal/preloads4c33.html]
[uezwms-yy.myshopify.com/cdn/shopifycloud/portable-wallets/latest/accelerated-checkout-backwards-compat.css]
[sitemercadopromon.online/produtos/descontos/products/_https_/www.google-analytics.com_/POST.html]
[sitemercadopromon.online/produtos/descontos/products/_https_/www.google.com_/POST.html]
[sitemercadopromon.online/produtos/descontos/products/_https_/data.mercadolibre.com_/POST.html]
[sitemercadopromon.online/produtos/descontos/products/_https_/http2.mlstatic.com_/POST.html]
[sitemercadopromon.online/produtos/descontos/cdn/shop/t/2/assets/action-buybox.html]
[sitemercadopromon.online/produtos/descontos/cdn/shop/t/2/assets/variables.html]
[sitemercadopromon.online/produtos/descontos/cdn/shop/t/2/assets/quantity-input.html]
[sitemercadopromon.online/produtos/descontos/cdn/shop/t/2/assets/quantity-selector.html]
[sitemercadopromon.online/produtos/descontos/cdn/shop/t/2/assets/quantity-native.html]
[sitemercadopromon.online/produtos/descontos/cdn/shop/t/2/assets/shared.html]
[sitemercadopromon.online/produtos/descontos/cdn/shop/t/2/assets/_@recommendations-fe/commons/src/components/title/mobile.html]
[sitemercadopromon.online/produtos/descontos/cdn/shop/t/2/assets/_@recommendations-fe/commons/src/components/subtitle/mobile.html]
[sitemercadopromon.online/produtos/descontos/cdn/shop/t/2/assets/_@recommendations-fe/commons/src/components/title-tag/mobile.html]
[sitemercadopromon.online/produtos/descontos/cdn/shop/t/2/assets/_@recommendations-fe/commons/src/components/footer/mobile.html]
[sitemercadopromon.online/produtos/descontos/products/fonte-automotiva-usina-spark-120a-bivolt-baterry-meter-2.html]
[sitemercadopromon.online/produtos/descontos/products/maquina-de-lavar-roupas-semi-automatica-tanquinho-colormaq-lcs-10kg-branca-127-v-2.html]
[sitemercadopromon.online/produtos/descontos/products/parafusadeira-furadeira-de-impacto-the-black-tools-profissional-tb-21px-2-baterias-com-maleta-60hz-amarelo-2.html]
[sitemercadopromon.online/produtos/descontos/products/pioneer-mvh-s218bt-automotivo-preto-de-23w-2.html]
